Input String    : "To\tBe\tOr\tNot\tTo\tBe" ddd
Error: Unescaped quote in the middle is invalid
Invalid String: "To\tBe\tOr\tNot\tTo\tBe" ddd
