this is bad
Error: empty/not starting with "
Invalid String: this is bad

