Input String    : "we like compiler
Invalid String: "we like compiler
