Input String    : this is bad as well"
Error: empty/not starting with "
Invalid String: this is bad as well"
