Input String    : "hello \0xFG world"
Error: Invalid hexadecimal escape sequence
Invalid String: "hello \0xFG world"
