Input String    : "this\string\has\a\lot\of\slashes"
encode error: Invalid escape sequence
Invalid String: "this\string\has\a\lot\of\slashes"
