Input String    : 'single quote'
encode error: empty/not starting with "
Invalid String: 'single quote'
