Input String    : "hello\0xCD"
Decoded String    : helloÍ
Output String    : "hello\0xCD"
