Input String    : "hello\0xcd"
Decoded String    : helloÍ
Output String    : "hello\0xCD"
