Input String    : "hello \tworld"
Decoded String    : hello 	world
Output String    : "hello \tworld"
