Input String    : "To\tBe\tOr\tNot\tTo\tBe"
Decoded String    : To	Be	Or	Not	To	Be
Output String    : "To\tBe\tOr\tNot\tTo\tBe"
