Input String    : ""
Decoded String    : 
Output String    : ""
