Input String    : "hello \0x01 world"
Decoded String    : hello  world
Output String    : "hello \0x01 world"
