Input String    : "hello world"
Decoded String    : hello world
Output String    : "hello world"
