"\a\b\e\f\n\r\t\v\\\'\""

	\'"
"\a\b\e\f\n\r\t\v\\\'\""
