x resolves to param 0
resolve error: elseinner is not defined.
resolve error: inner is not defined.
2 resolve error(s) found.
