resolve error: duplicate definitions of helper is invalid.
1 resolve error(s) found.
