resolve error: definition of helper does not match prototype helper global 0.
1 resolve error(s) found.
