resolve error: x is not defined.
1 resolve errors found.
