resolve error: duplicate definitions of x in the same scope is invalid.
1 resolve error(s) found.
