doSomething resolves to global doSomething
resolve error: localVar is not defined.
1 resolve errors found.
