foo defines prototype global foo.
resolve error: different prototypes of bar is invalid.
1 resolve errors found.
