foo defines prototype global foo.
bar defines prototype global bar.
resolve error: prototype of bar after the definition of bar global 1.
1 resolve error(s) found.
