resolve error: duplicate x is invalid.
x resolves to param 0
1 resolve error(s) found.
