x resolves to param 0
x resolves to param 0
fib resolves to global fib
x resolves to param 0
fib resolves to global fib
x resolves to param 0
