x resolves to local 0
x resolves to local 0
x resolves to local 0
