str: string = "this is a string";
str2: string;
x: integer = +8;
main: function void (  ) = {
    print;
    print "\n \r \t \0xFF";
    print x, y, "hello", true, false;
    print str, " str ", x, str2;
}

