encode error: length exceed 255 characters
scan error: "012345678901234567890101234567890123456789010123456789012345678901012345678901234567890101234567890123456789010123456789012345678901012345678901234567890101234567890123456789012345678901234567890123456789012345678901234567890123456789012345678901234567890123456789012345678901234567890123456789012345678901234567890123456789012345678901234567890" is not a valid character
