IDENTIFIER minus
scan error: # is not a valid character
