Error: Invalid hexadecimal escape sequence
scan error: "In \0xfg Southwerk at the tabard as I lay" is not a valid character
