IDENTIFIER main
COLON :
FUNCTION function
INTEGER integer
PARENTHESIS_OPEN (
IDENTIFIER argc
COLON :
INTEGER integer
COMMA ,
IDENTIFIER argv
COLON :
ARRAY array
BRACKET_OPEN [
BRACKET_OPEN ]
STRING string
PARENTHESIS_CLOSE )
ASSIGN =
BRACE_OPEN {
BRACE_CLOSE }
IDENTIFIER boolFunction
COLON :
FUNCTION function
BOOLEAN boolean
PARENTHESIS_OPEN (
IDENTIFIER intVar
COLON :
INTEGER integer
PARENTHESIS_CLOSE )
ASSIGN =
BRACE_OPEN {
RETURN return
IDENTIFIER intVar
GT >
INTEGER_LITERAL 5
SEMICOLON ;
BRACE_CLOSE }
IDENTIFIER intFunction
COLON :
FUNCTION function
INTEGER integer
PARENTHESIS_OPEN (
INTEGER integer
IDENTIFIER n
PARENTHESIS_CLOSE )
ASSIGN =
BRACE_OPEN {
IDENTIFIER total
COLON :
INTEGER integer
ASSIGN =
INTEGER_LITERAL 0
SEMICOLON ;
IDENTIFIER int
IDENTIFIER count
SEMICOLON ;
FOR for
PARENTHESIS_OPEN (
IDENTIFIER count
ASSIGN =
INTEGER_LITERAL 0
SEMICOLON ;
IDENTIFIER count
LT <
IDENTIFIER n
PLUS +
INTEGER_LITERAL 1
SEMICOLON ;
IDENTIFIER count
INCREMENT ++
PARENTHESIS_CLOSE )
BRACE_OPEN {
IDENTIFIER total
ASSIGN =
IDENTIFIER total
PLUS +
IDENTIFIER count
SEMICOLON ;
BRACE_CLOSE }
