STRING string
INTEGER_LITERAL 1534
FLOAT_LITERAL 3.4
FLOAT_LITERAL 10e9
CHARACTER_LITERAL a
IDENTIFIER Notre
IDENTIFIER Dame
STRING_LITERAL 'Notre Dame'
SEMICOLON ;
GTE >=
