IDENTIFIER f
COLON :
ARRAY array
BRACKET_OPEN [
INTEGER_LITERAL 5
BRACKET_OPEN ]
INTEGER integer
ASSIGN =
BRACE_OPEN {
INTEGER_LITERAL 1
COMMA ,
INTEGER_LITERAL 2
COMMA ,
INTEGER_LITERAL 3
COMMA ,
INTEGER_LITERAL 4
COMMA ,
INTEGER_LITERAL 5
BRACE_CLOSE }
SEMICOLON ;
IDENTIFIER f
COLON :
ARRAY array
BRACKET_OPEN [
INTEGER_LITERAL 5
BRACKET_OPEN ]
CHAR char
ASSIGN =
BRACE_OPEN {
CHARACTER_LITERAL a
COMMA ,
CHARACTER_LITERAL b
COMMA ,
CHARACTER_LITERAL c
COMMA ,
CHARACTER_LITERAL d
COMMA ,
CHARACTER_LITERAL e
BRACE_CLOSE }
SEMICOLON ;
IDENTIFIER f
COLON :
ARRAY array
BRACKET_OPEN [
INTEGER_LITERAL 5
BRACKET_OPEN ]
BOOLEAN boolean
ASSIGN =
BRACE_OPEN {
FALSE false
COMMA ,
FALSE false
COMMA ,
TRUE true
COMMA ,
TRUE true
COMMA ,
TRUE true
BRACE_CLOSE }
SEMICOLON ;
IDENTIFIER f
COLON :
ARRAY array
BRACKET_OPEN [
BRACKET_OPEN ]
STRING string
ASSIGN =
BRACE_OPEN {
STRING_LITERAL this
COMMA ,
STRING_LITERAL i
COMMA ,
STRING_LITERAL s
COMMA ,
STRING_LITERAL a,
COMMA ,
STRING_LITERAL test
COMMA ,
STRING_LITERAL .
BRACE_CLOSE }
SEMICOLON ;
