IDENTIFIER z
ASSIGN =
SUBTRACT -
IDENTIFIER x
SEMICOLON ;
IDENTIFIER x
EXPONENTIATION ^
INTEGER_LITERAL 2
SEMICOLON ;
IDENTIFIER x
EXPONENTIATION ^
INTEGER_LITERAL 2
IDENTIFIER z
NOT_EQ !=
IDENTIFIER x
MODULUS %
INTEGER_LITERAL 2
IDENTIFIER z
ASSIGN =
INTEGER_LITERAL 5
PLUS +
INTEGER_LITERAL 6
SEMICOLON ;
IDENTIFIER z
ASSIGN =
INTEGER_LITERAL 5
MULTIPLY *
INTEGER_LITERAL 6
SEMICOLON ;
IDENTIFIER z
ASSIGN =
INTEGER_LITERAL 5
SUBTRACT -
INTEGER_LITERAL 6
SEMICOLON ;
IDENTIFIER z
ASSIGN =
INTEGER_LITERAL 5
DIVIDE /
INTEGER_LITERAL 6
SEMICOLON ;
IDENTIFIER q
INCREMENT ++
SEMICOLON ;
IDENTIFIER z
DECREMENT --
SEMICOLON ;
IDENTIFIER z
ASSIGN =
INTEGER_LITERAL 7
PLUS +
INTEGER_LITERAL 7
SUBTRACT -
IDENTIFIER z
SEMICOLON ;
