IDENTIFIER intFunction
COLON :
FUNCTION function
INTEGER integer
PARENTHESIS_OPEN (
IDENTIFIER intVar
COLON :
INTEGER integer
COMMA ,
IDENTIFIER boolVar
COLON :
BOOLEAN boolean
PARENTHESIS_CLOSE )
BRACE_OPEN {
IF if
PARENTHESIS_OPEN (
IDENTIFIER boolVar
PARENTHESIS_CLOSE )
BRACE_OPEN {
IDENTIFIER intVar
ASSIGN =
IDENTIFIER intVar
MULTIPLY *
INTEGER_LITERAL 2
SEMICOLON ;
BRACE_CLOSE }
RETURN return
IDENTIFIER intVar
SEMICOLON ;
BRACE_CLOSE }
IDENTIFIER getLargest
COLON :
FUNCTION function
INTEGER integer
PARENTHESIS_OPEN (
IDENTIFIER intArrVar
COLON :
ARRAY array
BRACKET_OPEN [
BRACKET_OPEN ]
INTEGER integer
COMMA ,
IDENTIFIER int
IDENTIFIER len
PARENTHESIS_CLOSE )
ASSIGN =
BRACE_OPEN {
IDENTIFIER largest
COLON :
INTEGER integer
ASSIGN =
INTEGER_LITERAL 0
SEMICOLON ;
IDENTIFIER x
COLON :
INTEGER integer
SEMICOLON ;
FOR for
PARENTHESIS_OPEN (
IDENTIFIER x
ASSIGN =
INTEGER_LITERAL 0
SEMICOLON ;
IDENTIFIER x
LT <
IDENTIFIER len
SEMICOLON ;
IDENTIFIER x
INCREMENT ++
PARENTHESIS_CLOSE )
BRACE_OPEN {
IF if
PARENTHESIS_OPEN (
IDENTIFIER intArrVar
BRACKET_OPEN [
IDENTIFIER x
BRACKET_OPEN ]
GT >
IDENTIFIER largest
PARENTHESIS_CLOSE )
BRACE_OPEN {
IDENTIFIER largest
ASSIGN =
IDENTIFIER intArrVar
BRACKET_OPEN [
IDENTIFIER x
BRACKET_OPEN ]
SEMICOLON ;
BRACE_CLOSE }
BRACE_CLOSE }
RETURN return
IDENTIFIER largest
SEMICOLON ;
BRACE_CLOSE }
IDENTIFIER main
COLON :
FUNCTION function
INTEGER integer
PARENTHESIS_OPEN (
IDENTIFIER argc
COLON :
INTEGER integer
COMMA ,
IDENTIFIER argv
COLON :
ARRAY array
BRACKET_OPEN [
BRACKET_OPEN ]
STRING string
PARENTHESIS_CLOSE )
ASSIGN =
BRACE_OPEN {
IDENTIFIER b
COLON :
ARRAY array
BRACKET_OPEN [
INTEGER_LITERAL 10
BRACKET_OPEN ]
INTEGER integer
ASSIGN =
BRACE_OPEN {
INTEGER_LITERAL 0
COMMA ,
INTEGER_LITERAL 1
COMMA ,
INTEGER_LITERAL 2
COMMA ,
INTEGER_LITERAL 3
COMMA ,
INTEGER_LITERAL 4
COMMA ,
INTEGER_LITERAL 5
BRACE_CLOSE }
SEMICOLON ;
IDENTIFIER b
BRACKET_OPEN [
INTEGER_LITERAL 4
BRACKET_OPEN ]
ASSIGN =
INTEGER_LITERAL 6
SEMICOLON ;
IDENTIFIER i
COLON :
INTEGER integer
SEMICOLON ;
IDENTIFIER z
COLON :
INTEGER integer
ASSIGN =
IDENTIFIER intFunction
PARENTHESIS_OPEN (
IDENTIFIER i
COMMA ,
TRUE true
PARENTHESIS_CLOSE )
SEMICOLON ;
PRINT print
IDENTIFIER intArrFunction
PARENTHESIS_OPEN (
IDENTIFIER v
COMMA ,
IDENTIFIER z
PARENTHESIS_CLOSE )
SEMICOLON ;
BRACE_CLOSE }
