IF if
PARENTHESIS_OPEN (
IDENTIFIER a
GTE >=
INTEGER_LITERAL 5
PARENTHESIS_CLOSE )
BRACE_OPEN {
PRINT print
STRING_LITERAL a >= 5
SEMICOLON ;
BRACE_CLOSE }
IF if
PARENTHESIS_OPEN (
IDENTIFIER a
GT >
INTEGER_LITERAL 5
PARENTHESIS_CLOSE )
BRACE_OPEN {
PRINT print
STRING_LITERAL a > 5
SEMICOLON ;
BRACE_CLOSE }
IF if
PARENTHESIS_OPEN (
IDENTIFIER a
LTE <=
INTEGER_LITERAL 5
PARENTHESIS_CLOSE )
BRACE_OPEN {
PRINT print
STRING_LITERAL a <= 5
SEMICOLON ;
BRACE_CLOSE }
IF if
PARENTHESIS_OPEN (
IDENTIFIER a
LT <
INTEGER_LITERAL 5
PARENTHESIS_CLOSE )
BRACE_OPEN {
PRINT print
STRING_LITERAL a < 5
SEMICOLON ;
BRACE_CLOSE }
IF if
PARENTHESIS_OPEN (
IDENTIFIER a
EQ ==
INTEGER_LITERAL 5
PARENTHESIS_CLOSE )
BRACE_OPEN {
PRINT print
STRING_LITERAL a == 5
SEMICOLON ;
BRACE_CLOSE }
IF if
PARENTHESIS_OPEN (
IDENTIFIER a
NOT_EQ !=
INTEGER_LITERAL 5
PARENTHESIS_CLOSE )
BRACE_OPEN {
PRINT print
STRING_LITERAL a != 5
SEMICOLON ;
BRACE_CLOSE }
IDENTIFIER a
ASSIGN =
INTEGER_LITERAL 5
SEMICOLON ;
IF if
PARENTHESIS_OPEN (
IDENTIFIER a
OR ||
IDENTIFIER b
PARENTHESIS_CLOSE )
BRACE_OPEN {
PRINT print
STRING_LITERAL  a || b is true
SEMICOLON ;
BRACE_CLOSE }
IF if
PARENTHESIS_OPEN (
IDENTIFIER a
AND &&
IDENTIFIER b
PARENTHESIS_CLOSE )
BRACE_OPEN {
PRINT print
STRING_LITERAL  a && b is true
SEMICOLON ;
BRACE_CLOSE }
