IDENTIFIER z
ASSIGN =
SUBTRACT -
PARENTHESIS_OPEN (
INTEGER_LITERAL 5
MULTIPLY *
INTEGER_LITERAL 4
PARENTHESIS_CLOSE )
SEMICOLON ;
IDENTIFIER z
ASSIGN =
INTEGER_LITERAL 15
PLUS +
INTEGER_LITERAL 5
SUBTRACT -
INTEGER_LITERAL 4
MULTIPLY *
INTEGER_LITERAL 3
DIVIDE /
INTEGER_LITERAL 7
SEMICOLON ;
IDENTIFIER z
ASSIGN =
IDENTIFIER x
PLUS +
PARENTHESIS_OPEN (
IDENTIFIER y
MULTIPLY *
INTEGER_LITERAL 5
SUBTRACT -
PARENTHESIS_OPEN (
INTEGER_LITERAL 4
PLUS +
INTEGER_LITERAL 20
DIVIDE /
IDENTIFIER v
PARENTHESIS_CLOSE )
SUBTRACT -
INTEGER_LITERAL 15
PARENTHESIS_CLOSE )
MODULUS %
INTEGER_LITERAL 6
PLUS +
IDENTIFIER z
SEMICOLON ;
IDENTIFIER z
INCREMENT ++
PLUS +
SEMICOLON ;
IDENTIFIER w
DECREMENT --
SUBTRACT -
SEMICOLON ;
