IDENTIFIER bool
COLON :
BOOLEAN boolean
ASSIGN =
TRUE true
SEMICOLON ;
IDENTIFIER bool
COLON :
BOOLEAN boolean
ASSIGN =
FALSE false
SEMICOLON ;
IDENTIFIER bool
ASSIGN =
INTEGER_LITERAL 5
GT >
INTEGER_LITERAL 4
SEMICOLON ;
